------------------------------------------------------------
TimeQuest Timing Analyzer Summary
------------------------------------------------------------

Type  : Slow 1100mV 85C Model Setup 'clk'
Slack : -4.434
TNS   : -105.840

Type  : Slow 1100mV 85C Model Setup 'temp'
Slack : -3.637
TNS   : -68.560

Type  : Slow 1100mV 85C Model Hold 'clk'
Slack : 0.407
TNS   : 0.000

Type  : Slow 1100mV 85C Model Hold 'temp'
Slack : 0.791
TNS   : 0.000

Type  : Slow 1100mV 85C Model Minimum Pulse Width 'clk'
Slack : -0.538
TNS   : -25.459

Type  : Slow 1100mV 85C Model Minimum Pulse Width 'temp'
Slack : -0.538
TNS   : -17.440

Type  : Slow 1100mV 0C Model Setup 'clk'
Slack : -4.614
TNS   : -105.973

Type  : Slow 1100mV 0C Model Setup 'temp'
Slack : -3.677
TNS   : -67.389

Type  : Slow 1100mV 0C Model Hold 'clk'
Slack : 0.153
TNS   : 0.000

Type  : Slow 1100mV 0C Model Hold 'temp'
Slack : 0.768
TNS   : 0.000

Type  : Slow 1100mV 0C Model Minimum Pulse Width 'clk'
Slack : -0.538
TNS   : -26.254

Type  : Slow 1100mV 0C Model Minimum Pulse Width 'temp'
Slack : -0.538
TNS   : -17.301

Type  : Fast 1100mV 85C Model Setup 'clk'
Slack : -2.217
TNS   : -40.011

Type  : Fast 1100mV 85C Model Setup 'temp'
Slack : -1.497
TNS   : -26.699

Type  : Fast 1100mV 85C Model Hold 'clk'
Slack : 0.300
TNS   : 0.000

Type  : Fast 1100mV 85C Model Hold 'temp'
Slack : 0.308
TNS   : 0.000

Type  : Fast 1100mV 85C Model Minimum Pulse Width 'clk'
Slack : -0.346
TNS   : -3.206

Type  : Fast 1100mV 85C Model Minimum Pulse Width 'temp'
Slack : 0.056
TNS   : 0.000

Type  : Fast 1100mV 0C Model Setup 'clk'
Slack : -2.039
TNS   : -34.449

Type  : Fast 1100mV 0C Model Setup 'temp'
Slack : -1.325
TNS   : -23.387

Type  : Fast 1100mV 0C Model Hold 'clk'
Slack : 0.071
TNS   : 0.000

Type  : Fast 1100mV 0C Model Hold 'temp'
Slack : 0.271
TNS   : 0.000

Type  : Fast 1100mV 0C Model Minimum Pulse Width 'clk'
Slack : -0.346
TNS   : -3.329

Type  : Fast 1100mV 0C Model Minimum Pulse Width 'temp'
Slack : 0.076
TNS   : 0.000

------------------------------------------------------------
